============================= test session starts ==============================
platform darwin -- Python 3.12.9, pytest-9.0.0, pluggy-1.6.0 -- /Users/chenchiyuan/projects/crypto_exchange_news_crawler/venv/bin/python
cachedir: .pytest_cache
django: version: 4.2.8, settings: listing_monitor_project.settings (from ini)
rootdir: /Users/chenchiyuan/projects/crypto_exchange_news_crawler
configfile: pytest.ini
plugins: django-4.11.1, Faker-37.12.0
collecting ... collected 37 items

tests/grid_trading/test_e2e_integration.py::TestE2EIntegration::test_complete_trading_flow_success_scenario PASSED [  2%]
tests/grid_trading/test_e2e_integration.py::TestE2EIntegration::test_stop_loss_trigger_scenario PASSED [  5%]
tests/grid_trading/test_e2e_integration.py::TestE2EIntegration::test_risk_management_position_limit PASSED [  8%]
tests/grid_trading/test_e2e_integration.py::TestE2EIntegration::test_risk_management_concurrent_strategies PASSED [ 10%]
tests/grid_trading/test_e2e_integration.py::TestE2EIntegration::test_zone_expiration_mechanism PASSED [ 13%]
tests/grid_trading/test_e2e_integration.py::TestE2EIntegration::test_order_pnl_calculation PASSED [ 16%]
tests/grid_trading/test_e2e_integration.py::TestE2EScenarios::test_multiple_strategies_same_symbol PASSED [ 18%]
tests/grid_trading/test_e2e_integration.py::TestE2EScenarios::test_grid_strategy_with_real_price_movement PASSED [ 21%]
tests/grid_trading/test_order_simulator.py::TestOrderSimulator::test_fill_buy_order_when_price_drops PASSED [ 24%]
tests/grid_trading/test_order_simulator.py::TestOrderSimulator::test_fill_sell_order_when_price_rises PASSED [ 27%]
tests/grid_trading/test_order_simulator.py::TestOrderSimulator::test_no_fill_when_price_not_reached PASSED [ 29%]
tests/grid_trading/test_order_simulator.py::TestOrderSimulator::test_slippage_calculation PASSED [ 32%]
tests/grid_trading/test_order_simulator.py::TestOrderSimulator::test_fee_calculation PASSED [ 35%]
tests/grid_trading/test_order_simulator.py::TestOrderSimulator::test_cancel_order PASSED [ 37%]
tests/grid_trading/test_order_simulator.py::TestOrderSimulator::test_cancel_all_orders PASSED [ 40%]
tests/grid_trading/test_order_simulator.py::TestOrderSimulator::test_check_and_fill_multiple_orders PASSED [ 43%]
tests/grid_trading/test_scanner.py::TestScannerCommand::test_scanner_creates_four_zones PASSED [ 45%]
tests/grid_trading/test_scanner.py::TestScannerCommand::test_scanner_deactivates_old_zones PASSED [ 48%]
tests/grid_trading/test_scanner.py::TestScannerCommand::test_scanner_sets_expiration_time PASSED [ 51%]
tests/grid_trading/test_scanner.py::TestScannerCommand::test_scanner_saves_confidence_scores PASSED [ 54%]
tests/grid_trading/test_scanner.py::TestScannerCommand::test_scanner_invalid_symbol PASSED [ 56%]
tests/grid_trading/test_scanner.py::TestScannerCommand::test_scanner_output_format PASSED [ 59%]
tests/grid_trading/test_scanner.py::TestScannerCommand::test_grid_zone_model_is_price_in_zone PASSED [ 62%]
tests/grid_trading/test_scanner.py::TestScannerCommand::test_grid_zone_model_is_expired PASSED [ 64%]
tests/grid_trading/test_config_loader.py::TestConfigLoader::test_load_btc_config PASSED [ 67%]
tests/grid_trading/test_config_loader.py::TestConfigLoader::test_load_eth_config PASSED [ 70%]
tests/grid_trading/test_config_loader.py::TestConfigLoader::test_load_btcusdt_config PASSED [ 72%]
tests/grid_trading/test_config_loader.py::TestConfigLoader::test_load_global_config PASSED [ 75%]
tests/grid_trading/test_config_loader.py::TestConfigLoader::test_load_invalid_symbol PASSED [ 78%]
tests/grid_trading/test_config_loader.py::TestConfigLoader::test_config_loader_singleton PASSED [ 81%]
tests/grid_trading/test_order_generator.py::TestOrderGenerator::test_generate_long_grid_orders PASSED [ 83%]
tests/grid_trading/test_order_generator.py::TestOrderGenerator::test_generate_short_grid_orders PASSED [ 86%]
tests/grid_trading/test_order_generator.py::TestOrderGenerator::test_order_quantity_calculation PASSED [ 89%]
tests/grid_trading/test_order_generator.py::TestOrderGenerator::test_calculate_grid_step_percentage PASSED [ 91%]
tests/grid_trading/test_order_generator.py::TestOrderGenerator::test_estimate_max_position_value PASSED [ 94%]
tests/grid_trading/test_order_generator.py::TestOrderGenerator::test_invalid_strategy_type PASSED [ 97%]
tests/grid_trading/test_order_generator.py::TestOrderGenerator::test_order_level_assignment PASSED [100%]

============================== 37 passed in 0.18s ==============================
